[2026-07-26 17:52:43] SEARCH symbol=AAPL result=MAIN_DB_HIT
[2026-07-26 17:52:43] SEARCH symbol=MSFT result=MAIN_DB_HIT
[2026-07-26 17:52:43] SEARCH symbol=ITGX result=MAIN_DB_HIT
[2026-07-26 23:35:08] SEARCH symbol=ITGX result=MAIN_DB_HIT
[2026-07-27 23:14:44] SEARCH symbol=ABBV result=MAIN_DB_HIT
[2026-07-28 20:46:40] SEARCH symbol=ITGX result=MAIN_DB_HIT
[2026-07-28 20:46:40] SEARCH symbol=ITGX result=CACHE_HIT
[2026-08-11 19:53:48] SEARCH symbol=TCS result=MAIN_DB_HIT
[2026-08-11 20:35:53] SEARCH symbol=tcs result=NOT_FOUND
[2026-08-11 20:38:23] SEARCH symbol=ITGX result=MAIN_DB_HIT
[2026-08-11 20:38:35] SEARCH symbol=ITGX result=MAIN_DB_HIT
[2026-08-11 20:40:27] SEARCH symbol=tcs result=NOT_FOUND
[2026-08-11 20:41:26] SEARCH symbol=tcs result=MAIN_DB_HIT
[2026-08-11 20:41:33] SEARCH symbol=tcs result=CACHE_HIT
[2026-08-11 20:54:49] SEARCH symbol=XXXX result=NOT_FOUND
[2026-08-11 20:54:49] SEARCH symbol=QRYA result=MAIN_DB_HIT
[2026-08-11 20:54:49] SEARCH symbol=QRYA result=CACHE_HIT
[2026-08-11 20:54:49] SEARCH symbol=QRYA result=CACHE_HIT
[2026-08-11 20:54:49] SEARCH symbol=ITGX result=MAIN_DB_HIT
[2026-08-11 20:54:57] SEARCH symbol=XXXX result=NOT_FOUND
[2026-08-11 20:54:57] SEARCH symbol=QRYA result=MAIN_DB_HIT
[2026-08-11 20:54:57] SEARCH symbol=QRYA result=CACHE_HIT
[2026-08-11 20:54:57] SEARCH symbol=QRYA result=CACHE_HIT
