[2026-07-26 17:52:43] ALERT TRIGGERED symbol=ITGX type=ABOVE threshold=150.0000 price=160.0000 owner=tester
[2026-07-26 17:52:43] PRICE UPDATE symbol=ITGX newPrice=160.0000
[2026-07-26 17:52:43] Integration test marker entry
[2026-07-26 23:32:59] PRICE UPDATE symbol=APH newPrice=71.6560
[2026-07-26 23:32:59] FEED TICK symbol=APH price=71.6560
[2026-07-26 23:33:02] PRICE UPDATE symbol=APD newPrice=248.5440
[2026-07-26 23:33:02] FEED TICK symbol=APD price=248.5440
[2026-07-26 23:33:05] PRICE UPDATE symbol=MA newPrice=456.2000
[2026-07-26 23:33:05] FEED TICK symbol=MA price=456.2000
[2026-07-26 23:33:11] PRICE UPDATE symbol=APH newPrice=74.5222
[2026-07-26 23:33:11] FEED TICK symbol=APH price=74.5222
[2026-07-26 23:33:14] PRICE UPDATE symbol=APD newPrice=238.6022
[2026-07-26 23:33:14] FEED TICK symbol=APD price=238.6022
[2026-07-26 23:33:17] PRICE UPDATE symbol=MA newPrice=456.2000
[2026-07-26 23:33:17] FEED TICK symbol=MA price=456.2000
[2026-07-26 23:33:20] PRICE UPDATE symbol=LIN newPrice=474.7050
[2026-07-26 23:33:20] FEED TICK symbol=LIN price=474.7050
[2026-07-26 23:33:23] STATS SNAPSHOT searches=0 updates=7 hits=0 misses=0 hitRatio=0.0000
[2026-07-26 23:33:23] PRICE UPDATE symbol=MSFT newPrice=392.0175
[2026-07-26 23:33:23] FEED TICK symbol=MSFT price=392.0175
[2026-07-26 23:33:26] PRICE UPDATE symbol=META newPrice=497.6580
[2026-07-26 23:33:26] FEED TICK symbol=META price=497.6580
[2026-07-26 23:33:29] PRICE UPDATE symbol=DE newPrice=424.6690
[2026-07-26 23:33:29] FEED TICK symbol=DE price=424.6690
[2026-07-26 23:33:32] PRICE UPDATE symbol=CMCSA newPrice=43.6560
[2026-07-26 23:33:32] FEED TICK symbol=CMCSA price=43.6560
[2026-07-26 23:33:35] PRICE UPDATE symbol=BKNG newPrice=4202.9100
[2026-07-26 23:33:35] FEED TICK symbol=BKNG price=4202.9100
[2026-07-26 23:33:38] STATS SNAPSHOT searches=0 updates=12 hits=0 misses=0 hitRatio=0.0000
[2026-07-26 23:33:38] PRICE UPDATE symbol=NFLX newPrice=613.1370
[2026-07-26 23:33:38] FEED TICK symbol=NFLX price=613.1370
[2026-07-26 23:33:41] PRICE UPDATE symbol=GS newPrice=488.1720
[2026-07-26 23:33:41] FEED TICK symbol=GS price=488.1720
[2026-07-26 23:33:44] PRICE UPDATE symbol=MDT newPrice=92.7150
[2026-07-26 23:33:44] FEED TICK symbol=MDT price=92.7150
[2026-07-26 23:33:47] PRICE UPDATE symbol=NKE newPrice=80.4780
[2026-07-26 23:33:47] FEED TICK symbol=NKE price=80.4780
[2026-07-26 23:33:50] PRICE UPDATE symbol=EOG newPrice=128.6000
[2026-07-26 23:33:50] FEED TICK symbol=EOG price=128.6000
[2026-07-26 23:33:53] STATS SNAPSHOT searches=0 updates=17 hits=0 misses=0 hitRatio=0.0000
[2026-07-26 23:33:53] PRICE UPDATE symbol=KO newPrice=64.4640
[2026-07-26 23:33:53] FEED TICK symbol=KO price=64.4640
[2026-07-26 23:33:56] PRICE UPDATE symbol=AMGN newPrice=286.7520
[2026-07-26 23:33:56] FEED TICK symbol=AMGN price=286.7520
[2026-07-26 23:33:59] PRICE UPDATE symbol=PG newPrice=170.5200
[2026-07-26 23:33:59] FEED TICK symbol=PG price=170.5200
[2026-07-26 23:34:02] PRICE UPDATE symbol=MA newPrice=442.5140
[2026-07-26 23:34:02] FEED TICK symbol=MA price=442.5140
[2026-07-26 23:34:05] PRICE UPDATE symbol=SCHW newPrice=75.5040
[2026-07-26 23:34:05] FEED TICK symbol=SCHW price=75.5040
[2026-07-26 23:34:08] STATS SNAPSHOT searches=0 updates=22 hits=0 misses=0 hitRatio=0.0000
[2026-07-26 23:34:08] PRICE UPDATE symbol=BRKB newPrice=412.0000
[2026-07-26 23:34:08] FEED TICK symbol=BRKB price=412.0000
[2026-07-26 23:34:11] PRICE UPDATE symbol=GOOGL newPrice=171.1560
[2026-07-26 23:34:11] FEED TICK symbol=GOOGL price=171.1560
[2026-07-26 23:34:14] PRICE UPDATE symbol=NOC newPrice=483.3860
[2026-07-26 23:34:14] FEED TICK symbol=NOC price=483.3860
[2026-07-26 23:34:17] PRICE UPDATE symbol=GILD newPrice=78.4700
[2026-07-26 23:34:17] FEED TICK symbol=GILD price=78.4700
[2026-07-26 23:34:20] PRICE UPDATE symbol=APH newPrice=70.7961
[2026-07-26 23:34:20] FEED TICK symbol=APH price=70.7961
[2026-07-26 23:34:23] STATS SNAPSHOT searches=0 updates=27 hits=0 misses=0 hitRatio=0.0000
[2026-07-26 23:34:23] PRICE UPDATE symbol=ADI newPrice=210.2760
[2026-07-26 23:34:23] FEED TICK symbol=ADI price=210.2760
[2026-07-26 23:34:26] PRICE UPDATE symbol=AMGN newPrice=275.2819
[2026-07-26 23:34:26] FEED TICK symbol=AMGN price=275.2819
[2026-07-26 23:34:29] PRICE UPDATE symbol=MSFT newPrice=411.6184
[2026-07-26 23:34:29] FEED TICK symbol=MSFT price=411.6184
[2026-07-26 23:34:32] PRICE UPDATE symbol=ZTS newPrice=163.9700
[2026-07-26 23:34:32] FEED TICK symbol=ZTS price=163.9700
[2026-07-26 23:34:35] PRICE UPDATE symbol=ACN newPrice=346.0260
[2026-07-26 23:34:35] FEED TICK symbol=ACN price=346.0260
[2026-07-26 23:34:38] STATS SNAPSHOT searches=0 updates=32 hits=0 misses=0 hitRatio=0.0000
[2026-07-26 23:34:38] PRICE UPDATE symbol=WFC newPrice=64.2720
[2026-07-26 23:34:38] FEED TICK symbol=WFC price=64.2720
[2026-07-26 23:34:41] PRICE UPDATE symbol=UPS newPrice=138.7050
[2026-07-26 23:34:41] FEED TICK symbol=UPS price=138.7050
[2026-07-26 23:34:44] PRICE UPDATE symbol=MU newPrice=112.4000
[2026-07-26 23:34:44] FEED TICK symbol=MU price=112.4000
[2026-07-26 23:34:47] PRICE UPDATE symbol=VZ newPrice=43.2600
[2026-07-26 23:34:47] FEED TICK symbol=VZ price=43.2600
[2026-07-26 23:34:50] PRICE UPDATE symbol=NOW newPrice=821.4150
[2026-07-26 23:34:50] FEED TICK symbol=NOW price=821.4150
[2026-07-26 23:34:53] STATS SNAPSHOT searches=0 updates=37 hits=0 misses=0 hitRatio=0.0000
[2026-07-26 23:34:53] PRICE UPDATE symbol=PANW newPrice=328.2300
[2026-07-26 23:34:53] FEED TICK symbol=PANW price=328.2300
[2026-07-26 23:34:56] PRICE UPDATE symbol=SYK newPrice=328.8960
[2026-07-26 23:34:56] FEED TICK symbol=SYK price=328.8960
[2026-07-26 23:34:59] PRICE UPDATE symbol=MU newPrice=115.7720
[2026-07-26 23:34:59] FEED TICK symbol=MU price=115.7720
[2026-07-26 23:35:02] PRICE UPDATE symbol=ADBE newPrice=512.9000
[2026-07-26 23:35:02] FEED TICK symbol=ADBE price=512.9000
[2026-07-26 23:35:05] PRICE UPDATE symbol=TSLA newPrice=240.6690
[2026-07-26 23:35:05] FEED TICK symbol=TSLA price=240.6690
[2026-07-26 23:35:08] STATS SNAPSHOT searches=0 updates=42 hits=0 misses=0 hitRatio=0.0000
[2026-07-26 23:35:08] PRICE UPDATE symbol=BLK newPrice=901.0210
[2026-07-26 23:35:08] FEED TICK symbol=BLK price=901.0210
[2026-07-26 23:35:08] ALERT TRIGGERED symbol=ITGX type=ABOVE threshold=150.0000 price=160.0000 owner=tester
[2026-07-26 23:35:08] PRICE UPDATE symbol=ITGX newPrice=160.0000
[2026-07-26 23:35:08] Integration test marker entry
[2026-07-26 23:35:11] PRICE UPDATE symbol=WFC newPrice=64.9147
[2026-07-26 23:35:11] FEED TICK symbol=WFC price=64.9147
[2026-07-26 23:35:14] PRICE UPDATE symbol=JNJ newPrice=150.9550
[2026-07-26 23:35:14] FEED TICK symbol=JNJ price=150.9550
[2026-07-26 23:35:17] PRICE UPDATE symbol=AVGO newPrice=165.5280
[2026-07-26 23:35:17] FEED TICK symbol=AVGO price=165.5280
[2026-07-26 23:35:20] PRICE UPDATE symbol=AMZN newPrice=180.1335
[2026-07-26 23:35:20] FEED TICK symbol=AMZN price=180.1335
[2026-07-26 23:35:23] STATS SNAPSHOT searches=0 updates=47 hits=0 misses=0 hitRatio=0.0000
[2026-07-26 23:35:23] PRICE UPDATE symbol=BSX newPrice=80.4780
[2026-07-26 23:35:23] FEED TICK symbol=BSX price=80.4780
[2026-07-26 23:35:26] PRICE UPDATE symbol=CB newPrice=245.9550
[2026-07-26 23:35:26] FEED TICK symbol=CB price=245.9550
[2026-07-26 23:35:29] PRICE UPDATE symbol=DHR newPrice=256.3110
[2026-07-26 23:35:29] FEED TICK symbol=DHR price=256.3110
[2026-07-26 23:35:32] PRICE UPDATE symbol=ZTS newPrice=155.7715
[2026-07-26 23:35:32] FEED TICK symbol=ZTS price=155.7715
[2026-07-26 23:35:35] PRICE UPDATE symbol=KO newPrice=63.1747
[2026-07-26 23:35:35] FEED TICK symbol=KO price=63.1747
[2026-07-26 23:35:38] STATS SNAPSHOT searches=0 updates=52 hits=0 misses=0 hitRatio=0.0000
[2026-07-26 23:35:38] PRICE UPDATE symbol=WFC newPrice=66.8622
[2026-07-26 23:35:38] FEED TICK symbol=WFC price=66.8622
[2026-07-26 23:35:41] PRICE UPDATE symbol=ELV newPrice=522.6480
[2026-07-26 23:35:41] FEED TICK symbol=ELV price=522.6480
[2026-07-26 23:35:44] PRICE UPDATE symbol=UNH newPrice=496.9310
[2026-07-26 23:35:44] FEED TICK symbol=UNH price=496.9310
[2026-07-26 23:35:47] PRICE UPDATE symbol=REGN newPrice=919.1720
[2026-07-26 23:35:47] FEED TICK symbol=REGN price=919.1720
[2026-07-26 23:35:50] PRICE UPDATE symbol=VRTX newPrice=461.1420
[2026-07-26 23:35:50] FEED TICK symbol=VRTX price=461.1420
[2026-07-26 23:35:55] PRICE UPDATE symbol=APH newPrice=73.6280
[2026-07-26 23:35:55] FEED TICK symbol=APH price=73.6280
[2026-07-26 23:35:58] PRICE UPDATE symbol=APD newPrice=229.0582
[2026-07-26 23:35:58] FEED TICK symbol=APD price=229.0582
[2026-07-26 23:36:01] PRICE UPDATE symbol=MA newPrice=442.5140
[2026-07-26 23:36:01] FEED TICK symbol=MA price=442.5140
[2026-07-26 23:36:04] PRICE UPDATE symbol=LIN newPrice=498.4403
[2026-07-26 23:36:04] FEED TICK symbol=LIN price=498.4403
[2026-07-26 23:36:07] STATS SNAPSHOT searches=0 updates=61 hits=0 misses=0 hitRatio=0.0000
[2026-07-26 23:36:07] PRICE UPDATE symbol=MSFT newPrice=391.0375
[2026-07-26 23:36:07] FEED TICK symbol=MSFT price=391.0375
[2026-07-26 23:36:10] PRICE UPDATE symbol=META newPrice=507.6112
[2026-07-26 23:36:10] FEED TICK symbol=META price=507.6112
[2026-07-26 23:36:13] PRICE UPDATE symbol=DE newPrice=437.4091
[2026-07-26 23:36:13] FEED TICK symbol=DE price=437.4091
[2026-07-26 23:36:16] PRICE UPDATE symbol=CMCSA newPrice=44.5291
[2026-07-26 23:36:16] FEED TICK symbol=CMCSA price=44.5291
[2026-07-26 23:36:19] PRICE UPDATE symbol=BKNG newPrice=4286.9682
[2026-07-26 23:36:19] FEED TICK symbol=BKNG price=4286.9682
[2026-07-26 23:36:22] STATS SNAPSHOT searches=0 updates=66 hits=0 misses=0 hitRatio=0.0000
[2026-07-26 23:36:22] PRICE UPDATE symbol=NFLX newPrice=594.7429
[2026-07-26 23:36:22] FEED TICK symbol=NFLX price=594.7429
[2026-07-26 23:36:25] PRICE UPDATE symbol=GS newPrice=497.9354
[2026-07-26 23:36:25] FEED TICK symbol=GS price=497.9354
[2026-07-26 23:36:28] PRICE UPDATE symbol=MDT newPrice=97.3508
[2026-07-26 23:36:28] FEED TICK symbol=MDT price=97.3508
[2026-07-26 23:36:31] PRICE UPDATE symbol=NKE newPrice=82.0876
[2026-07-26 23:36:31] FEED TICK symbol=NKE price=82.0876
[2026-07-26 23:36:34] PRICE UPDATE symbol=EOG newPrice=128.6000
[2026-07-26 23:36:34] FEED TICK symbol=EOG price=128.6000
[2026-07-26 23:36:37] STATS SNAPSHOT searches=0 updates=71 hits=0 misses=0 hitRatio=0.0000
[2026-07-26 23:36:37] PRICE UPDATE symbol=KO newPrice=64.4382
[2026-07-26 23:36:37] FEED TICK symbol=KO price=64.4382
[2026-07-26 23:36:40] PRICE UPDATE symbol=AMGN newPrice=264.2706
[2026-07-26 23:36:40] FEED TICK symbol=AMGN price=264.2706
[2026-07-26 23:36:43] PRICE UPDATE symbol=PG newPrice=179.0460
[2026-07-26 23:36:43] FEED TICK symbol=PG price=179.0460
[2026-07-26 23:36:46] PRICE UPDATE symbol=MA newPrice=429.2386
[2026-07-26 23:36:46] FEED TICK symbol=MA price=429.2386
[2026-07-26 23:36:49] PRICE UPDATE symbol=SCHW newPrice=78.5242
[2026-07-26 23:36:49] FEED TICK symbol=SCHW price=78.5242
[2026-07-26 23:36:52] STATS SNAPSHOT searches=0 updates=76 hits=0 misses=0 hitRatio=0.0000
[2026-07-26 23:36:52] PRICE UPDATE symbol=BRKB newPrice=412.0000
[2026-07-26 23:36:52] FEED TICK symbol=BRKB price=412.0000
[2026-07-26 23:36:55] PRICE UPDATE symbol=GOOGL newPrice=174.5791
[2026-07-26 23:36:55] FEED TICK symbol=GOOGL price=174.5791
[2026-07-26 23:36:58] PRICE UPDATE symbol=NOC newPrice=488.2199
[2026-07-26 23:36:58] FEED TICK symbol=NOC price=488.2199
[2026-07-26 23:37:01] PRICE UPDATE symbol=GILD newPrice=74.5465
[2026-07-26 23:37:01] FEED TICK symbol=GILD price=74.5465
[2026-07-26 23:37:04] PRICE UPDATE symbol=APH newPrice=69.9466
[2026-07-26 23:37:04] FEED TICK symbol=APH price=69.9466
[2026-07-26 23:37:07] STATS SNAPSHOT searches=0 updates=81 hits=0 misses=0 hitRatio=0.0000
[2026-07-26 23:37:07] PRICE UPDATE symbol=ADI newPrice=208.1732
[2026-07-26 23:37:07] FEED TICK symbol=ADI price=208.1732
[2026-07-26 23:37:10] PRICE UPDATE symbol=AMGN newPrice=253.6998
[2026-07-26 23:37:10] FEED TICK symbol=AMGN price=253.6998
[2026-07-26 23:37:13] PRICE UPDATE symbol=MSFT newPrice=410.5893
[2026-07-26 23:37:13] FEED TICK symbol=MSFT price=410.5893
[2026-07-26 23:37:17] PRICE UPDATE symbol=ZTS newPrice=147.9829
[2026-07-26 23:37:17] FEED TICK symbol=ZTS price=147.9829
[2026-07-26 23:37:20] PRICE UPDATE symbol=ACN newPrice=349.4863
[2026-07-26 23:37:20] FEED TICK symbol=ACN price=349.4863
[2026-07-26 23:37:22] STATS SNAPSHOT searches=0 updates=86 hits=0 misses=0 hitRatio=0.0000
[2026-07-26 23:37:23] PRICE UPDATE symbol=WFC newPrice=68.8680
[2026-07-26 23:37:23] FEED TICK symbol=WFC price=68.8680
[2026-07-26 23:37:26] PRICE UPDATE symbol=UPS newPrice=145.6403
[2026-07-26 23:37:26] FEED TICK symbol=UPS price=145.6403
[2026-07-26 23:37:29] PRICE UPDATE symbol=MU newPrice=115.7720
[2026-07-26 23:37:29] FEED TICK symbol=MU price=115.7720
[2026-07-26 23:37:32] PRICE UPDATE symbol=VZ newPrice=45.4230
[2026-07-26 23:37:32] FEED TICK symbol=VZ price=45.4230
[2026-07-26 23:37:35] PRICE UPDATE symbol=NOW newPrice=862.4858
[2026-07-26 23:37:35] FEED TICK symbol=NOW price=862.4858
[2026-07-26 23:37:37] STATS SNAPSHOT searches=0 updates=91 hits=0 misses=0 hitRatio=0.0000
[2026-07-26 23:37:38] PRICE UPDATE symbol=PANW newPrice=344.6415
[2026-07-26 23:37:38] FEED TICK symbol=PANW price=344.6415
[2026-07-26 23:37:41] PRICE UPDATE symbol=SYK newPrice=315.7402
[2026-07-26 23:37:41] FEED TICK symbol=SYK price=315.7402
[2026-07-26 23:37:44] PRICE UPDATE symbol=MU newPrice=119.2452
[2026-07-26 23:37:44] FEED TICK symbol=MU price=119.2452
[2026-07-26 23:37:47] PRICE UPDATE symbol=ADBE newPrice=512.9000
[2026-07-26 23:37:47] FEED TICK symbol=ADBE price=512.9000
[2026-07-26 23:37:50] PRICE UPDATE symbol=TSLA newPrice=238.2623
[2026-07-26 23:37:50] FEED TICK symbol=TSLA price=238.2623
[2026-07-26 23:37:52] STATS SNAPSHOT searches=0 updates=96 hits=0 misses=0 hitRatio=0.0000
[2026-07-26 23:37:53] PRICE UPDATE symbol=BLK newPrice=910.0312
[2026-07-26 23:37:53] FEED TICK symbol=BLK price=910.0312
[2026-07-26 23:37:56] PRICE UPDATE symbol=WFC newPrice=69.5567
[2026-07-26 23:37:56] FEED TICK symbol=WFC price=69.5567
[2026-07-26 23:37:59] PRICE UPDATE symbol=JNJ newPrice=143.4073
[2026-07-26 23:37:59] FEED TICK symbol=JNJ price=143.4073
[2026-07-26 23:38:02] PRICE UPDATE symbol=AVGO newPrice=163.8727
[2026-07-26 23:38:02] FEED TICK symbol=AVGO price=163.8727
[2026-07-26 23:38:05] PRICE UPDATE symbol=AMZN newPrice=181.9348
[2026-07-26 23:38:05] FEED TICK symbol=AMZN price=181.9348
[2026-07-26 23:38:07] STATS SNAPSHOT searches=0 updates=101 hits=0 misses=0 hitRatio=0.0000
[2026-07-26 23:38:08] PRICE UPDATE symbol=BSX newPrice=82.0876
[2026-07-26 23:38:08] FEED TICK symbol=BSX price=82.0876
[2026-07-26 23:38:11] PRICE UPDATE symbol=CB newPrice=233.6572
[2026-07-26 23:38:11] FEED TICK symbol=CB price=233.6572
[2026-07-26 23:38:14] PRICE UPDATE symbol=DHR newPrice=253.7479
[2026-07-26 23:38:14] FEED TICK symbol=DHR price=253.7479
[2026-07-26 23:38:17] PRICE UPDATE symbol=ZTS newPrice=140.5838
[2026-07-26 23:38:17] FEED TICK symbol=ZTS price=140.5838
[2026-07-26 23:38:20] PRICE UPDATE symbol=KO newPrice=63.1495
[2026-07-26 23:38:20] FEED TICK symbol=KO price=63.1495
[2026-07-26 23:38:22] STATS SNAPSHOT searches=0 updates=106 hits=0 misses=0 hitRatio=0.0000
[2026-07-26 23:38:23] PRICE UPDATE symbol=WFC newPrice=71.6434
[2026-07-26 23:38:23] FEED TICK symbol=WFC price=71.6434
[2026-07-26 23:38:26] PRICE UPDATE symbol=ELV newPrice=533.1010
[2026-07-26 23:38:26] FEED TICK symbol=ELV price=533.1010
[2026-07-26 23:38:29] PRICE UPDATE symbol=UNH newPrice=482.0231
[2026-07-26 23:38:29] FEED TICK symbol=UNH price=482.0231
[2026-07-26 23:38:32] PRICE UPDATE symbol=REGN newPrice=946.7472
[2026-07-26 23:38:32] FEED TICK symbol=REGN price=946.7472
[2026-07-26 23:38:35] PRICE UPDATE symbol=VRTX newPrice=470.3648
[2026-07-26 23:38:35] FEED TICK symbol=VRTX price=470.3648
[2026-07-26 23:38:37] STATS SNAPSHOT searches=0 updates=111 hits=0 misses=0 hitRatio=0.0000
[2026-07-26 23:38:38] PRICE UPDATE symbol=GILD newPrice=71.5646
[2026-07-26 23:38:38] FEED TICK symbol=GILD price=71.5646
[2026-07-26 23:38:41] PRICE UPDATE symbol=EOG newPrice=124.7420
[2026-07-26 23:38:41] FEED TICK symbol=EOG price=124.7420
[2026-07-26 23:38:44] PRICE UPDATE symbol=QCOM newPrice=179.1920
[2026-07-26 23:38:44] FEED TICK symbol=QCOM price=179.1920
[2026-07-26 23:38:47] PRICE UPDATE symbol=ADBE newPrice=538.5450
[2026-07-26 23:38:47] FEED TICK symbol=ADBE price=538.5450
[2026-07-26 23:38:50] PRICE UPDATE symbol=VRTX newPrice=484.4758
[2026-07-26 23:38:50] FEED TICK symbol=VRTX price=484.4758
[2026-07-26 23:38:52] STATS SNAPSHOT searches=0 updates=116 hits=0 misses=0 hitRatio=0.0000
[2026-07-26 23:38:53] PRICE UPDATE symbol=NVDA newPrice=116.5440
[2026-07-26 23:38:53] FEED TICK symbol=NVDA price=116.5440
[2026-07-26 23:38:56] PRICE UPDATE symbol=LOW newPrice=235.6130
[2026-07-26 23:38:56] FEED TICK symbol=LOW price=235.6130
[2026-07-26 23:38:59] PRICE UPDATE symbol=CMCSA newPrice=43.1932
[2026-07-26 23:38:59] FEED TICK symbol=CMCSA price=43.1932
[2026-07-26 23:39:02] PRICE UPDATE symbol=MCD newPrice=292.5970
[2026-07-26 23:39:02] FEED TICK symbol=MCD price=292.5970
[2026-07-26 23:39:05] PRICE UPDATE symbol=MCD newPrice=304.3009
[2026-07-26 23:39:05] FEED TICK symbol=MCD price=304.3009
[2026-07-26 23:39:07] STATS SNAPSHOT searches=0 updates=121 hits=0 misses=0 hitRatio=0.0000
[2026-07-26 23:39:08] PRICE UPDATE symbol=BSX newPrice=83.7293
[2026-07-26 23:39:08] FEED TICK symbol=BSX price=83.7293
[2026-07-26 23:39:11] PRICE UPDATE symbol=FI newPrice=159.7820
[2026-07-26 23:39:11] FEED TICK symbol=FI price=159.7820
[2026-07-26 23:39:14] PRICE UPDATE symbol=APH newPrice=73.4439
[2026-07-26 23:39:14] FEED TICK symbol=APH price=73.4439
[2026-07-26 23:39:17] PRICE UPDATE symbol=AMZN newPrice=189.2122
[2026-07-26 23:39:17] FEED TICK symbol=AMZN price=189.2122
[2026-07-26 23:39:20] PRICE UPDATE symbol=HD newPrice=352.0020
[2026-07-26 23:39:20] FEED TICK symbol=HD price=352.0020
[2026-07-26 23:39:22] STATS SNAPSHOT searches=0 updates=126 hits=0 misses=0 hitRatio=0.0000
[2026-07-26 23:39:23] PRICE UPDATE symbol=HD newPrice=359.0420
[2026-07-26 23:39:23] FEED TICK symbol=HD price=359.0420
[2026-07-26 23:39:26] PRICE UPDATE symbol=CL newPrice=87.9700
[2026-07-26 23:39:26] FEED TICK symbol=CL price=87.9700
[2026-07-26 23:39:29] PRICE UPDATE symbol=ADI newPrice=218.5819
[2026-07-26 23:39:29] FEED TICK symbol=ADI price=218.5819
[2026-07-26 23:39:32] PRICE UPDATE symbol=TGT newPrice=149.7300
[2026-07-26 23:39:32] FEED TICK symbol=TGT price=149.7300
[2026-07-26 23:39:35] PRICE UPDATE symbol=BA newPrice=171.4560
[2026-07-26 23:39:35] FEED TICK symbol=BA price=171.4560
[2026-07-26 23:39:37] STATS SNAPSHOT searches=0 updates=131 hits=0 misses=0 hitRatio=0.0000
[2026-07-26 23:39:38] PRICE UPDATE symbol=EOG newPrice=129.7317
[2026-07-26 23:39:38] FEED TICK symbol=EOG price=129.7317
[2026-07-26 23:39:41] PRICE UPDATE symbol=NOC newPrice=507.7487
[2026-07-26 23:39:41] FEED TICK symbol=NOC price=507.7487
[2026-07-26 23:39:44] PRICE UPDATE symbol=TSLA newPrice=240.6449
[2026-07-26 23:39:44] FEED TICK symbol=TSLA price=240.6449
[2026-07-26 23:39:47] PRICE UPDATE symbol=ITW newPrice=263.5680
[2026-07-26 23:39:47] FEED TICK symbol=ITW price=263.5680
[2026-07-26 23:39:50] PRICE UPDATE symbol=V newPrice=286.6240
[2026-07-26 23:39:50] FEED TICK symbol=V price=286.6240
[2026-07-26 23:39:52] STATS SNAPSHOT searches=0 updates=136 hits=0 misses=0 hitRatio=0.0000
[2026-07-26 23:39:53] PRICE UPDATE symbol=MSFT newPrice=410.5893
[2026-07-26 23:39:53] FEED TICK symbol=MSFT price=410.5893
[2026-07-26 23:39:56] PRICE UPDATE symbol=AXP newPrice=232.6080
[2026-07-26 23:39:56] FEED TICK symbol=AXP price=232.6080
[2026-07-26 23:39:59] PRICE UPDATE symbol=QCOM newPrice=170.2324
[2026-07-26 23:39:59] FEED TICK symbol=QCOM price=170.2324
[2026-07-26 23:40:02] PRICE UPDATE symbol=TJX newPrice=111.1770
[2026-07-26 23:40:02] FEED TICK symbol=TJX price=111.1770
[2026-07-26 23:40:05] PRICE UPDATE symbol=BKNG newPrice=4244.0985
[2026-07-26 23:40:05] FEED TICK symbol=BKNG price=4244.0985
[2026-07-26 23:40:07] STATS SNAPSHOT searches=0 updates=141 hits=0 misses=0 hitRatio=0.0000
[2026-07-26 23:40:08] PRICE UPDATE symbol=MDT newPrice=99.2978
[2026-07-26 23:40:08] FEED TICK symbol=MDT price=99.2978
[2026-07-26 23:40:11] PRICE UPDATE symbol=GS newPrice=487.9767
[2026-07-26 23:40:11] FEED TICK symbol=GS price=487.9767
[2026-07-26 23:40:14] PRICE UPDATE symbol=WMT newPrice=71.1880
[2026-07-26 23:40:14] FEED TICK symbol=WMT price=71.1880
[2026-07-26 23:40:17] PRICE UPDATE symbol=TXN newPrice=204.1460
[2026-07-26 23:40:17] FEED TICK symbol=TXN price=204.1460
[2026-07-26 23:40:20] PRICE UPDATE symbol=TJX newPrice=105.6181
[2026-07-26 23:40:20] FEED TICK symbol=TJX price=105.6181
[2026-07-26 23:40:22] STATS SNAPSHOT searches=0 updates=146 hits=0 misses=0 hitRatio=0.0000
[2026-07-26 23:40:23] PRICE UPDATE symbol=CRM newPrice=314.6000
[2026-07-26 23:40:23] FEED TICK symbol=CRM price=314.6000
[2026-07-26 23:40:26] PRICE UPDATE symbol=DE newPrice=433.0350
[2026-07-26 23:40:26] FEED TICK symbol=DE price=433.0350
[2026-07-26 23:40:29] PRICE UPDATE symbol=ADI newPrice=225.1394
[2026-07-26 23:40:29] FEED TICK symbol=ADI price=225.1394
[2026-07-26 23:40:32] PRICE UPDATE symbol=KO newPrice=65.6754
[2026-07-26 23:40:32] FEED TICK symbol=KO price=65.6754
[2026-07-26 23:40:35] PRICE UPDATE symbol=V newPrice=283.7578
[2026-07-26 23:40:35] FEED TICK symbol=V price=283.7578
[2026-07-26 23:40:37] STATS SNAPSHOT searches=0 updates=151 hits=0 misses=0 hitRatio=0.0000
[2026-07-26 23:40:38] PRICE UPDATE symbol=NFLX newPrice=594.7429
[2026-07-26 23:40:38] FEED TICK symbol=NFLX price=594.7429
[2026-07-26 23:40:41] PRICE UPDATE symbol=ABBV newPrice=181.2300
[2026-07-26 23:40:41] FEED TICK symbol=ABBV price=181.2300
[2026-07-26 23:40:44] PRICE UPDATE symbol=TJX newPrice=110.8991
[2026-07-26 23:40:44] FEED TICK symbol=TJX price=110.8991
[2026-07-26 23:40:47] PRICE UPDATE symbol=HD newPrice=344.6804
[2026-07-26 23:40:47] FEED TICK symbol=HD price=344.6804
[2026-07-26 23:40:50] PRICE UPDATE symbol=AXP newPrice=234.9341
[2026-07-26 23:40:50] FEED TICK symbol=AXP price=234.9341
[2026-07-26 23:40:52] STATS SNAPSHOT searches=0 updates=156 hits=0 misses=0 hitRatio=0.0000
[2026-07-26 23:40:53] PRICE UPDATE symbol=ITW newPrice=276.7464
[2026-07-26 23:40:53] FEED TICK symbol=ITW price=276.7464
[2026-07-26 23:40:56] PRICE UPDATE symbol=BA newPrice=169.7414
[2026-07-26 23:40:56] FEED TICK symbol=BA price=169.7414
[2026-07-26 23:40:59] PRICE UPDATE symbol=BRKB newPrice=412.0000
[2026-07-26 23:40:59] FEED TICK symbol=BRKB price=412.0000
[2026-07-26 23:41:02] PRICE UPDATE symbol=V newPrice=275.2450
[2026-07-26 23:41:02] FEED TICK symbol=V price=275.2450
[2026-07-26 23:41:05] PRICE UPDATE symbol=RTX newPrice=115.7720
[2026-07-26 23:41:05] FEED TICK symbol=RTX price=115.7720
[2026-07-26 23:41:08] STATS SNAPSHOT searches=0 updates=161 hits=0 misses=0 hitRatio=0.0000
[2026-07-26 23:41:08] PRICE UPDATE symbol=ABT newPrice=116.8960
[2026-07-26 23:41:08] FEED TICK symbol=ABT price=116.8960
[2026-07-26 23:41:11] PRICE UPDATE symbol=QCOM newPrice=175.3394
[2026-07-26 23:41:11] FEED TICK symbol=QCOM price=175.3394
[2026-07-26 23:41:14] PRICE UPDATE symbol=CB newPrice=233.6572
[2026-07-26 23:41:14] FEED TICK symbol=CB price=233.6572
[2026-07-26 23:41:17] PRICE UPDATE symbol=INTC newPrice=36.3300
[2026-07-26 23:41:17] FEED TICK symbol=INTC price=36.3300
[2026-07-26 23:41:20] PRICE UPDATE symbol=BKNG newPrice=4159.2165
[2026-07-26 23:41:20] FEED TICK symbol=BKNG price=4159.2165
[2026-07-26 23:41:23] STATS SNAPSHOT searches=0 updates=166 hits=0 misses=0 hitRatio=0.0000
[2026-07-26 23:41:23] PRICE UPDATE symbol=BLK newPrice=955.5328
[2026-07-26 23:41:23] FEED TICK symbol=BLK price=955.5328
[2026-07-26 23:41:26] PRICE UPDATE symbol=ACN newPrice=342.4965
[2026-07-26 23:41:26] FEED TICK symbol=ACN price=342.4965
[2026-07-26 23:41:29] PRICE UPDATE symbol=SBUX newPrice=97.0200
[2026-07-26 23:41:29] FEED TICK symbol=SBUX price=97.0200
[2026-07-26 23:41:32] PRICE UPDATE symbol=TJX newPrice=116.4440
[2026-07-26 23:41:32] FEED TICK symbol=TJX price=116.4440
[2026-07-26 23:41:35] PRICE UPDATE symbol=FDX newPrice=284.4780
[2026-07-26 23:41:35] FEED TICK symbol=FDX price=284.4780
[2026-07-26 23:41:38] STATS SNAPSHOT searches=0 updates=171 hits=0 misses=0 hitRatio=0.0000
[2026-07-26 23:41:38] PRICE UPDATE symbol=SO newPrice=90.1680
[2026-07-26 23:41:38] FEED TICK symbol=SO price=90.1680
[2026-07-26 23:41:41] PRICE UPDATE symbol=ABT newPrice=113.3891
[2026-07-26 23:41:41] FEED TICK symbol=ABT price=113.3891
[2026-07-26 23:41:44] PRICE UPDATE symbol=INTC newPrice=37.4199
[2026-07-26 23:41:44] FEED TICK symbol=INTC price=37.4199
[2026-07-26 23:41:47] PRICE UPDATE symbol=BA newPrice=176.5311
[2026-07-26 23:41:47] FEED TICK symbol=BA price=176.5311
[2026-07-26 23:41:50] PRICE UPDATE symbol=KLAC newPrice=712.4000
[2026-07-26 23:41:50] FEED TICK symbol=KLAC price=712.4000
[2026-07-26 23:41:53] STATS SNAPSHOT searches=0 updates=176 hits=0 misses=0 hitRatio=0.0000
[2026-07-26 23:41:53] PRICE UPDATE symbol=AMD newPrice=162.8000
[2026-07-26 23:41:53] FEED TICK symbol=AMD price=162.8000
[2026-07-26 23:41:56] PRICE UPDATE symbol=AMD newPrice=156.2880
[2026-07-26 23:41:56] FEED TICK symbol=AMD price=156.2880
[2026-07-26 23:41:59] PRICE UPDATE symbol=MU newPrice=114.4754
[2026-07-26 23:41:59] FEED TICK symbol=MU price=114.4754
[2026-07-26 23:42:02] PRICE UPDATE symbol=FDX newPrice=295.8571
[2026-07-26 23:42:02] FEED TICK symbol=FDX price=295.8571
[2026-07-26 23:42:05] PRICE UPDATE symbol=IBM newPrice=198.0690
[2026-07-26 23:42:05] FEED TICK symbol=IBM price=198.0690
[2026-07-26 23:42:08] STATS SNAPSHOT searches=0 updates=181 hits=0 misses=0 hitRatio=0.0000
[2026-07-26 23:42:08] PRICE UPDATE symbol=AVGO newPrice=163.8727
[2026-07-26 23:42:08] FEED TICK symbol=AVGO price=163.8727
[2026-07-26 23:42:11] PRICE UPDATE symbol=MDT newPrice=99.2978
[2026-07-26 23:42:11] FEED TICK symbol=MDT price=99.2978
[2026-07-26 23:42:14] PRICE UPDATE symbol=KLAC newPrice=691.0280
[2026-07-26 23:42:14] FEED TICK symbol=KLAC price=691.0280
[2026-07-26 23:42:17] PRICE UPDATE symbol=ABBV newPrice=186.6669
[2026-07-26 23:42:17] FEED TICK symbol=ABBV price=186.6669
[2026-07-26 23:42:20] PRICE UPDATE symbol=MSFT newPrice=398.2716
[2026-07-26 23:42:20] FEED TICK symbol=MSFT price=398.2716
[2026-07-26 23:42:23] STATS SNAPSHOT searches=0 updates=186 hits=0 misses=0 hitRatio=0.0000
[2026-07-26 23:42:23] PRICE UPDATE symbol=GE newPrice=179.1920
[2026-07-26 23:42:23] FEED TICK symbol=GE price=179.1920
[2026-07-26 23:42:26] PRICE UPDATE symbol=MA newPrice=412.0690
[2026-07-26 23:42:26] FEED TICK symbol=MA price=412.0690
[2026-07-26 23:42:29] PRICE UPDATE symbol=CB newPrice=240.6670
[2026-07-26 23:42:29] FEED TICK symbol=CB price=240.6670
[2026-07-26 23:44:06] PRICE UPDATE symbol=ORCL newPrice=185.5360
[2026-07-26 23:44:06] FEED TICK symbol=ORCL price=185.5360
[2026-07-26 23:44:11] PRICE UPDATE symbol=ORCL newPrice=192.9574
[2026-07-26 23:44:11] FEED TICK symbol=ORCL price=192.9574
[2026-07-27 22:52:48] PRICE UPDATE symbol=VRTX newPrice=465.0968
[2026-07-27 22:52:48] FEED TICK symbol=VRTX price=465.0968
[2026-07-27 22:52:51] PRICE UPDATE symbol=MO newPrice=51.7770
[2026-07-27 22:52:51] FEED TICK symbol=MO price=51.7770
[2026-07-27 22:52:54] PRICE UPDATE symbol=JPM newPrice=204.7125
[2026-07-27 22:52:54] FEED TICK symbol=JPM price=204.7125
[2026-07-27 22:52:57] PRICE UPDATE symbol=ELV newPrice=549.0940
[2026-07-27 22:52:57] FEED TICK symbol=ELV price=549.0940
[2026-07-27 22:53:00] STATS SNAPSHOT searches=0 updates=4 hits=0 misses=0 hitRatio=0.0000
[2026-07-27 22:53:00] PRICE UPDATE symbol=CB newPrice=235.8537
[2026-07-27 22:53:00] FEED TICK symbol=CB price=235.8537
[2026-07-27 22:53:03] PRICE UPDATE symbol=CB newPrice=240.5707
[2026-07-27 22:53:03] FEED TICK symbol=CB price=240.5707
[2026-07-27 22:53:06] PRICE UPDATE symbol=AAPL newPrice=193.2480
[2026-07-27 22:53:06] FEED TICK symbol=AAPL price=193.2480
[2026-07-27 22:53:09] PRICE UPDATE symbol=SYK newPrice=309.4254
[2026-07-27 22:53:09] FEED TICK symbol=SYK price=309.4254
[2026-07-27 22:53:12] PRICE UPDATE symbol=PM newPrice=133.8250
[2026-07-27 22:53:12] FEED TICK symbol=PM price=133.8250
[2026-07-27 22:53:16] PRICE UPDATE symbol=ELV newPrice=532.6212
[2026-07-27 22:53:16] FEED TICK symbol=ELV price=532.6212
[2026-07-27 22:53:19] PRICE UPDATE symbol=CMCSA newPrice=41.8974
[2026-07-27 22:53:19] FEED TICK symbol=CMCSA price=41.8974
[2026-07-27 22:53:22] PRICE UPDATE symbol=MDLZ newPrice=68.9000
[2026-07-27 22:53:22] FEED TICK symbol=MDLZ price=68.9000
[2026-07-27 22:53:25] PRICE UPDATE symbol=BA newPrice=185.3577
[2026-07-27 22:53:25] FEED TICK symbol=BA price=185.3577
[2026-07-27 22:53:28] STATS SNAPSHOT searches=0 updates=13 hits=0 misses=0 hitRatio=0.0000
[2026-07-27 22:53:28] PRICE UPDATE symbol=PG newPrice=170.0937
[2026-07-27 22:53:28] FEED TICK symbol=PG price=170.0937
[2026-07-27 22:53:31] PRICE UPDATE symbol=C newPrice=70.9670
[2026-07-27 22:53:31] FEED TICK symbol=C price=70.9670
[2026-07-27 22:53:34] PRICE UPDATE symbol=MMC newPrice=210.1770
[2026-07-27 22:53:34] FEED TICK symbol=MMC price=210.1770
[2026-07-27 22:53:37] PRICE UPDATE symbol=TMO newPrice=535.8280
[2026-07-27 22:53:37] FEED TICK symbol=TMO price=535.8280
[2026-07-27 22:53:40] PRICE UPDATE symbol=AMD newPrice=160.9766
[2026-07-27 22:53:40] FEED TICK symbol=AMD price=160.9766
[2026-07-27 22:53:43] STATS SNAPSHOT searches=0 updates=18 hits=0 misses=0 hitRatio=0.0000
[2026-07-27 22:53:43] PRICE UPDATE symbol=FI newPrice=151.7929
[2026-07-27 22:53:43] FEED TICK symbol=FI price=151.7929
[2026-07-27 22:53:46] PRICE UPDATE symbol=MRK newPrice=114.6540
[2026-07-27 22:53:46] FEED TICK symbol=MRK price=114.6540
[2026-07-27 22:53:49] PRICE UPDATE symbol=INTC newPrice=38.1683
[2026-07-27 22:53:49] FEED TICK symbol=INTC price=38.1683
[2026-07-27 22:53:52] PRICE UPDATE symbol=GS newPrice=487.9767
[2026-07-27 22:53:52] FEED TICK symbol=GS price=487.9767
[2026-07-27 22:53:55] PRICE UPDATE symbol=MDT newPrice=94.3329
[2026-07-27 22:53:55] FEED TICK symbol=MDT price=94.3329
[2026-07-27 22:53:58] STATS SNAPSHOT searches=0 updates=23 hits=0 misses=0 hitRatio=0.0000
[2026-07-27 22:53:58] PRICE UPDATE symbol=MRK newPrice=112.3609
[2026-07-27 22:53:58] FEED TICK symbol=MRK price=112.3609
[2026-07-27 22:54:01] PRICE UPDATE symbol=SPGI newPrice=481.8450
[2026-07-27 22:54:01] FEED TICK symbol=SPGI price=481.8450
[2026-07-27 22:54:04] PRICE UPDATE symbol=MRK newPrice=116.8554
[2026-07-27 22:54:04] FEED TICK symbol=MRK price=116.8554
[2026-07-27 22:54:07] PRICE UPDATE symbol=ITW newPrice=265.6765
[2026-07-27 22:54:07] FEED TICK symbol=ITW price=265.6765
[2026-07-27 22:54:10] PRICE UPDATE symbol=GE newPrice=180.9839
[2026-07-27 22:54:10] FEED TICK symbol=GE price=180.9839
[2026-07-27 22:54:13] STATS SNAPSHOT searches=0 updates=28 hits=0 misses=0 hitRatio=0.0000
[2026-07-27 22:54:13] PRICE UPDATE symbol=MRK newPrice=119.1925
[2026-07-27 22:54:13] FEED TICK symbol=MRK price=119.1925
[2026-07-27 22:54:16] PRICE UPDATE symbol=NKE newPrice=77.9832
[2026-07-27 22:54:16] FEED TICK symbol=NKE price=77.9832
[2026-07-27 22:54:19] PRICE UPDATE symbol=MO newPrice=52.8125
[2026-07-27 22:54:19] FEED TICK symbol=MO price=52.8125
[2026-07-27 22:54:22] PRICE UPDATE symbol=CSCO newPrice=53.2140
[2026-07-27 22:54:22] FEED TICK symbol=CSCO price=53.2140
[2026-07-27 22:54:25] PRICE UPDATE symbol=SBUX newPrice=101.8710
[2026-07-27 22:54:25] FEED TICK symbol=SBUX price=101.8710
[2026-07-27 22:54:28] STATS SNAPSHOT searches=0 updates=33 hits=0 misses=0 hitRatio=0.0000
[2026-07-27 22:54:28] PRICE UPDATE symbol=MDLZ newPrice=69.5890
[2026-07-27 22:54:28] FEED TICK symbol=MDLZ price=69.5890
[2026-07-27 22:54:31] PRICE UPDATE symbol=TMO newPrice=562.6194
[2026-07-27 22:54:31] FEED TICK symbol=TMO price=562.6194
[2026-07-27 22:54:34] PRICE UPDATE symbol=ISRG newPrice=400.2220
[2026-07-27 22:54:34] FEED TICK symbol=ISRG price=400.2220
[2026-07-27 22:54:37] PRICE UPDATE symbol=AMGN newPrice=246.0888
[2026-07-27 22:54:37] FEED TICK symbol=AMGN price=246.0888
[2026-07-27 22:54:40] PRICE UPDATE symbol=EOG newPrice=133.6237
[2026-07-27 22:54:40] FEED TICK symbol=EOG price=133.6237
[2026-07-27 22:54:43] STATS SNAPSHOT searches=0 updates=38 hits=0 misses=0 hitRatio=0.0000
[2026-07-27 22:54:43] PRICE UPDATE symbol=NOC newPrice=492.5162
[2026-07-27 22:54:43] FEED TICK symbol=NOC price=492.5162
[2026-07-27 22:54:46] PRICE UPDATE symbol=ABBV newPrice=186.6669
[2026-07-27 22:54:46] FEED TICK symbol=ABBV price=186.6669
[2026-07-27 22:54:49] PRICE UPDATE symbol=HON newPrice=206.2220
[2026-07-27 22:54:49] FEED TICK symbol=HON price=206.2220
[2026-07-27 22:54:52] PRICE UPDATE symbol=ABBV newPrice=182.9336
[2026-07-27 22:54:52] FEED TICK symbol=ABBV price=182.9336
[2026-07-27 22:54:55] PRICE UPDATE symbol=IBM newPrice=196.0883
[2026-07-27 22:54:55] FEED TICK symbol=IBM price=196.0883
[2026-07-27 22:54:58] STATS SNAPSHOT searches=0 updates=43 hits=0 misses=0 hitRatio=0.0000
[2026-07-27 22:54:58] PRICE UPDATE symbol=TJX newPrice=111.7862
[2026-07-27 22:54:58] FEED TICK symbol=TJX price=111.7862
[2026-07-27 22:55:01] PRICE UPDATE symbol=WMT newPrice=67.6286
[2026-07-27 22:55:01] FEED TICK symbol=WMT price=67.6286
[2026-07-27 22:55:04] PRICE UPDATE symbol=NEE newPrice=70.8540
[2026-07-27 22:55:04] FEED TICK symbol=NEE price=70.8540
[2026-07-27 22:55:07] PRICE UPDATE symbol=PEP newPrice=170.3790
[2026-07-27 22:55:07] FEED TICK symbol=PEP price=170.3790
[2026-07-27 22:55:10] PRICE UPDATE symbol=BSX newPrice=82.0547
[2026-07-27 22:55:10] FEED TICK symbol=BSX price=82.0547
[2026-07-27 22:55:13] STATS SNAPSHOT searches=0 updates=48 hits=0 misses=0 hitRatio=0.0000
[2026-07-27 22:55:13] PRICE UPDATE symbol=META newPrice=482.2306
[2026-07-27 22:55:13] FEED TICK symbol=META price=482.2306
[2026-07-27 22:55:16] PRICE UPDATE symbol=ZTS newPrice=134.9604
[2026-07-27 22:55:16] FEED TICK symbol=ZTS price=134.9604
[2026-07-27 22:55:19] PRICE UPDATE symbol=HD newPrice=337.7868
[2026-07-27 22:55:19] FEED TICK symbol=HD price=337.7868
[2026-07-27 22:55:22] PRICE UPDATE symbol=ADI newPrice=227.3908
[2026-07-27 22:55:22] FEED TICK symbol=ADI price=227.3908
[2026-07-27 22:55:25] PRICE UPDATE symbol=MCD newPrice=313.4299
[2026-07-27 22:55:25] FEED TICK symbol=MCD price=313.4299
[2026-07-27 22:55:28] STATS SNAPSHOT searches=0 updates=53 hits=0 misses=0 hitRatio=0.0000
[2026-07-27 22:55:28] PRICE UPDATE symbol=LOW newPrice=237.9691
[2026-07-27 22:55:28] FEED TICK symbol=LOW price=237.9691
[2026-07-27 22:55:31] PRICE UPDATE symbol=FI newPrice=144.2033
[2026-07-27 22:55:31] FEED TICK symbol=FI price=144.2033
[2026-07-27 22:55:34] PRICE UPDATE symbol=AXP newPrice=246.6808
[2026-07-27 22:55:34] FEED TICK symbol=AXP price=246.6808
[2026-07-27 22:55:37] PRICE UPDATE symbol=LLY newPrice=757.8240
[2026-07-27 22:55:37] FEED TICK symbol=LLY price=757.8240
[2026-07-27 22:55:40] PRICE UPDATE symbol=DUK newPrice=108.9310
[2026-07-27 22:55:40] FEED TICK symbol=DUK price=108.9310
[2026-07-27 22:55:43] STATS SNAPSHOT searches=0 updates=58 hits=0 misses=0 hitRatio=0.0000
[2026-07-27 22:55:43] PRICE UPDATE symbol=ADBE newPrice=538.5450
[2026-07-27 22:55:43] FEED TICK symbol=ADBE price=538.5450
[2026-07-27 22:55:46] PRICE UPDATE symbol=AAPL newPrice=191.3155
[2026-07-27 22:55:46] FEED TICK symbol=AAPL price=191.3155
[2026-07-27 22:55:49] PRICE UPDATE symbol=GS newPrice=478.2172
[2026-07-27 22:55:49] FEED TICK symbol=GS price=478.2172
[2026-07-27 22:55:52] PRICE UPDATE symbol=AVGO newPrice=170.4276
[2026-07-27 22:55:52] FEED TICK symbol=AVGO price=170.4276
[2026-07-27 22:55:55] PRICE UPDATE symbol=ELV newPrice=553.9261
[2026-07-27 22:55:55] FEED TICK symbol=ELV price=553.9261
[2026-07-27 22:55:58] STATS SNAPSHOT searches=0 updates=63 hits=0 misses=0 hitRatio=0.0000
[2026-07-27 22:55:58] PRICE UPDATE symbol=XOM newPrice=115.9985
[2026-07-27 22:55:58] FEED TICK symbol=XOM price=115.9985
[2026-07-27 22:56:01] PRICE UPDATE symbol=DUK newPrice=112.1989
[2026-07-27 22:56:01] FEED TICK symbol=DUK price=112.1989
[2026-07-27 22:56:04] PRICE UPDATE symbol=AVGO newPrice=173.8362
[2026-07-27 22:56:04] FEED TICK symbol=AVGO price=173.8362
[2026-07-27 22:56:07] PRICE UPDATE symbol=DHR newPrice=258.8229
[2026-07-27 22:56:07] FEED TICK symbol=DHR price=258.8229
[2026-07-27 22:56:10] PRICE UPDATE symbol=PG newPrice=164.9909
[2026-07-27 22:56:10] FEED TICK symbol=PG price=164.9909
[2026-07-27 22:56:13] STATS SNAPSHOT searches=0 updates=68 hits=0 misses=0 hitRatio=0.0000
[2026-07-27 22:56:13] PRICE UPDATE symbol=V newPrice=272.4925
[2026-07-27 22:56:13] FEED TICK symbol=V price=272.4925
[2026-07-27 22:56:16] PRICE UPDATE symbol=HON newPrice=202.0976
[2026-07-27 22:56:16] FEED TICK symbol=HON price=202.0976
[2026-07-27 22:56:19] PRICE UPDATE symbol=NFLX newPrice=606.6378
[2026-07-27 22:56:19] FEED TICK symbol=NFLX price=606.6378
[2026-07-27 22:56:22] PRICE UPDATE symbol=EOG newPrice=129.6149
[2026-07-27 22:56:22] FEED TICK symbol=EOG price=129.6149
[2026-07-27 23:14:16] PRICE UPDATE symbol=MDT newPrice=97.1629
[2026-07-27 23:14:16] FEED TICK symbol=MDT price=97.1629
[2026-07-27 23:14:19] PRICE UPDATE symbol=ELV newPrice=531.7691
[2026-07-27 23:14:19] FEED TICK symbol=ELV price=531.7691
[2026-07-27 23:14:24] PRICE UPDATE symbol=ACN newPrice=359.6213
[2026-07-27 23:14:24] FEED TICK symbol=ACN price=359.6213
[2026-07-27 23:14:27] PRICE UPDATE symbol=CSCO newPrice=55.3426
[2026-07-27 23:14:27] FEED TICK symbol=CSCO price=55.3426
[2026-07-27 23:14:30] PRICE UPDATE symbol=CMCSA newPrice=41.0595
[2026-07-27 23:14:30] FEED TICK symbol=CMCSA price=41.0595
[2026-07-27 23:14:33] PRICE UPDATE symbol=PG newPrice=156.7414
[2026-07-27 23:14:33] FEED TICK symbol=PG price=156.7414
[2026-07-27 23:14:36] STATS SNAPSHOT searches=0 updates=6 hits=0 misses=0 hitRatio=0.0000
[2026-07-27 23:14:36] PRICE UPDATE symbol=ITW newPrice=270.9900
[2026-07-27 23:14:36] FEED TICK symbol=ITW price=270.9900
[2026-07-27 23:14:39] PRICE UPDATE symbol=FI newPrice=142.7613
[2026-07-27 23:14:39] FEED TICK symbol=FI price=142.7613
[2026-07-27 23:14:43] PRICE UPDATE symbol=SYK newPrice=315.6139
[2026-07-27 23:14:43] FEED TICK symbol=SYK price=315.6139
[2026-07-27 23:14:46] PRICE UPDATE symbol=NOW newPrice=819.3615
[2026-07-27 23:14:46] FEED TICK symbol=NOW price=819.3615
[2026-07-27 23:14:49] PRICE UPDATE symbol=AAPL newPrice=193.2287
[2026-07-27 23:14:49] FEED TICK symbol=AAPL price=193.2287
[2026-07-27 23:14:51] STATS SNAPSHOT searches=1 updates=11 hits=0 misses=1 hitRatio=0.0000
[2026-07-27 23:14:52] PRICE UPDATE symbol=TMO newPrice=545.7408
[2026-07-27 23:14:52] FEED TICK symbol=TMO price=545.7408
[2026-07-27 23:14:55] PRICE UPDATE symbol=ADBE newPrice=538.5450
[2026-07-27 23:14:55] FEED TICK symbol=ADBE price=538.5450
[2026-07-27 23:14:58] PRICE UPDATE symbol=SPGI newPrice=491.4819
[2026-07-27 23:14:58] FEED TICK symbol=SPGI price=491.4819
[2026-07-27 23:15:01] PRICE UPDATE symbol=ACN newPrice=377.6024
[2026-07-27 23:15:01] FEED TICK symbol=ACN price=377.6024
[2026-07-27 23:15:04] PRICE UPDATE symbol=META newPrice=472.5860
[2026-07-27 23:15:04] FEED TICK symbol=META price=472.5860
[2026-07-27 23:15:06] STATS SNAPSHOT searches=1 updates=16 hits=0 misses=1 hitRatio=0.0000
[2026-07-27 23:15:07] PRICE UPDATE symbol=APD newPrice=231.3488
[2026-07-27 23:15:07] FEED TICK symbol=APD price=231.3488
[2026-07-27 23:15:10] PRICE UPDATE symbol=BRKB newPrice=391.4000
[2026-07-27 23:15:10] FEED TICK symbol=BRKB price=391.4000
[2026-07-27 23:15:13] PRICE UPDATE symbol=NEE newPrice=68.7284
[2026-07-27 23:15:13] FEED TICK symbol=NEE price=68.7284
[2026-07-27 23:15:16] PRICE UPDATE symbol=BRKB newPrice=391.4000
[2026-07-27 23:15:16] FEED TICK symbol=BRKB price=391.4000
[2026-07-27 23:15:19] PRICE UPDATE symbol=MO newPrice=53.3406
[2026-07-27 23:15:19] FEED TICK symbol=MO price=53.3406
[2026-07-28 20:46:40] ALERT TRIGGERED symbol=ITGX type=ABOVE threshold=150.0000 price=160.0000 owner=tester
[2026-07-28 20:46:40] PRICE UPDATE symbol=ITGX newPrice=160.0000
[2026-07-28 20:46:40] Integration test marker entry
